
lenovo@SOUMYAJIT MINGW64 /d/Assignment Day 1
$ git init
Initialized empty Git repository in D:/Assignment Day 1/.git/

lenovo@SOUMYAJIT MINGW64 /d/Assignment Day 1 (master)
$ git config --edit --global

lenovo@SOUMYAJIT MINGW64 /d/Assignment Day 1 (master)
$ code ASSIGNMENT.txt

lenovo@SOUMYAJIT MINGW64 /d/Assignment Day 1 (master)
$ git status
On branch master

No commits yet

Untracked files:
  (use "git add <file>..." to include in what will be committed)
        ASSIGNMENT.txt

nothing added to commit but untracked files present (use "git add" to track)

lenovo@SOUMYAJIT MINGW64 /d/Assignment Day 1 (master)
$ git add ASSIGNMENT.txt

lenovo@SOUMYAJIT MINGW64 /d/Assignment Day 1 (master)
$ git commit -m "Add a file ASSIGNMENT.txt."
[master (root-commit) 7d63d25] Add a file ASSIGNMENT.txt.
 1 file changed, 4 insertions(+)
 create mode 100644 ASSIGNMENT.txt

lenovo@SOUMYAJIT MINGW64 /d/Assignment Day 1 (master)
$ git log
commit 7d63d252396825288dbfb923ed3a4df4b9cfb6d9 (HEAD -> master)
Author: Soumyajit Pal <soumyajit.pal@zensar.com>
Date:   Tue Jul 14 19:39:31 2020 +0530

    Add a file ASSIGNMENT.txt.

lenovo@SOUMYAJIT MINGW64 /d/Assignment Day 1 (master)
$ git log --oneline
7d63d25 (HEAD -> master) Add a file ASSIGNMENT.txt.

lenovo@SOUMYAJIT MINGW64 /d/Assignment Day 1 (master)
$ code NEW.md

lenovo@SOUMYAJIT MINGW64 /d/Assignment Day 1 (master)
$ git status
On branch master
Untracked files:
  (use "git add <file>..." to include in what will be committed)
        NEW.md

nothing added to commit but untracked files present (use "git add" to track)

lenovo@SOUMYAJIT MINGW64 /d/Assignment Day 1 (master)
$ git add .

lenovo@SOUMYAJIT MINGW64 /d/Assignment Day 1 (master)
$ git commit -m "Add a new file NEW.md."
[master b91819e] Add a new file NEW.md.
 1 file changed, 4 insertions(+)
 create mode 100644 NEW.md

lenovo@SOUMYAJIT MINGW64 /d/Assignment Day 1 (master)
$ ls
ASSIGNMENT.txt  NEW.md

lenovo@SOUMYAJIT MINGW64 /d/Assignment Day 1 (master)
$

lenovo@SOUMYAJIT MINGW64 /d/Assignment Day 1 (master)
$

lenovo@SOUMYAJIT MINGW64 /d/Assignment Day 1 (master)
$ git remote add origin https://github.com/soumyajit098/Assignment-Day1.git

lenovo@SOUMYAJIT MINGW64 /d/Assignment Day 1 (master)
$ git push -u origin master
Enumerating objects: 6, done.
Counting objects: 100% (6/6), done.
Delta compression using up to 4 threads
Compressing objects: 100% (5/5), done.
Writing objects: 100% (6/6), 674 bytes | 224.00 KiB/s, done.
Total 6 (delta 0), reused 0 (delta 0), pack-reused 0
To https://github.com/soumyajit098/Assignment-Day1.git
 * [new branch]      master -> master
Branch 'master' set up to track remote branch 'master' from 'origin'.

lenovo@SOUMYAJIT MINGW64 /d/Assignment Day 1 (master)
$ code index.html

lenovo@SOUMYAJIT MINGW64 /d/Assignment Day 1 (master)
$ git add .

lenovo@SOUMYAJIT MINGW64 /d/Assignment Day 1 (master)
$ git commit -m "Add a HTML file index.html."
[master d2cb630] Add a HTML file index.html.
 1 file changed, 18 insertions(+)
 create mode 100644 index.html

lenovo@SOUMYAJIT MINGW64 /d/Assignment Day 1 (master)
$ ls
ASSIGNMENT.txt  index.html  NEW.md

lenovo@SOUMYAJIT MINGW64 /d/Assignment Day 1 (master)
$ <html>
-        <title>
-            An HTML file
-        </title>
-    </head>
-    <body>
-        <h1>Welcome to E-commerce Website!!</h1>
-        <h3>List of products!!</h3>
-        <ul>
-            <li>Writing Pads</li>
-            <li>White board marker</li>
-            <li>mouse pads</li>
-        </ul>
-    </body>
-</html>bash: syntax error near unexpected token `newline'

lenovo@SOUMYAJIT MINGW64 /d/Assignment Day 1 (master)
$ -    <head>
bash: syntax error near unexpected token `newline'

lenovo@SOUMYAJIT MINGW64 /d/Assignment Day 1 (master)
$ -        <title>
bash: syntax error near unexpected token `newline'

lenovo@SOUMYAJIT MINGW64 /d/Assignment Day 1 (master)
$ -            An HTML file
bash: -: command not found

lenovo@SOUMYAJIT MINGW64 /d/Assignment Day 1 (master)
$ -        </title>
bash: syntax error near unexpected token `newline'

lenovo@SOUMYAJIT MINGW64 /d/Assignment Day 1 (master)
$ -    </head>
bash: syntax error near unexpected token `newline'

lenovo@SOUMYAJIT MINGW64 /d/Assignment Day 1 (master)
$ -    <body>
bash: syntax error near unexpected token `newline'

lenovo@SOUMYAJIT MINGW64 /d/Assignment Day 1 (master)
$ -        <h1>Welcome to E-commerce Website!!</h1>
-        <h1>Welcome to E-commerce Website-    <body></h1>
bash: syntax error near unexpected token `<'

lenovo@SOUMYAJIT MINGW64 /d/Assignment Day 1 (master)
$ -        <h3>List of products!!</h3>
-        <h3>List of products-        <h1>Welcome to E-commerce Website-    <body></h1></h3>
bash: syntax error near unexpected token `<'

lenovo@SOUMYAJIT MINGW64 /d/Assignment Day 1 (master)
$ -        <ul>
bash: syntax error near unexpected token `newline'

lenovo@SOUMYAJIT MINGW64 /d/Assignment Day 1 (master)
$ -            <li>Writing Pads</li>
bash: syntax error near unexpected token `newline'

lenovo@SOUMYAJIT MINGW64 /d/Assignment Day 1 (master)
$ -            <li>White board marker</li>
bash: syntax error near unexpected token `newline'

lenovo@SOUMYAJIT MINGW64 /d/Assignment Day 1 (master)
$ -            <li>mouse pads</li>
bash: syntax error near unexpected token `newline'

lenovo@SOUMYAJIT MINGW64 /d/Assignment Day 1 (master)
$ -        </ul>
bash: syntax error near unexpected token `newline'

lenovo@SOUMYAJIT MINGW64 /d/Assignment Day 1 (master)
$ -    </body>
bash: syntax error near unexpected token `newline'

lenovo@SOUMYAJIT MINGW64 /d/Assignment Day 1 (master)
$ -</html>
bash: syntax error near unexpected token `newline'

lenovo@SOUMYAJIT MINGW64 /d/Assignment Day 1 (master)
$ code index.html

lenovo@SOUMYAJIT MINGW64 /d/Assignment Day 1 (master)
$ ^C

lenovo@SOUMYAJIT MINGW64 /d/Assignment Day 1 (master)
$ ls
ASSIGNMENT.txt  index.html  NEW.md

lenovo@SOUMYAJIT MINGW64 /d/Assignment Day 1 (master)
$ code index.html

lenovo@SOUMYAJIT MINGW64 /d/Assignment Day 1 (master)
$ git add index.html

lenovo@SOUMYAJIT MINGW64 /d/Assignment Day 1 (master)
$ git commit -m "Add a file index.html."
[master 9557abd] Add a file index.html.
 1 file changed, 6 insertions(+), 6 deletions(-)

lenovo@SOUMYAJIT MINGW64 /d/Assignment Day 1 (master)
$ ls
ASSIGNMENT.txt  index.html  NEW.md

lenovo@SOUMYAJIT MINGW64 /d/Assignment Day 1 (master)
$ git push -u origin master
Enumerating objects: 7, done.
Counting objects: 100% (7/7), done.
Delta compression using up to 4 threads
Compressing objects: 100% (6/6), done.
Writing objects: 100% (6/6), 851 bytes | 425.00 KiB/s, done.
Total 6 (delta 2), reused 0 (delta 0), pack-reused 0
remote: Resolving deltas: 100% (2/2), done.
To https://github.com/soumyajit098/Assignment-Day1.git
   b91819e..9557abd  master -> master
Branch 'master' set up to track remote branch 'master' from 'origin'.

lenovo@SOUMYAJIT MINGW64 /d/Assignment Day 1 (master)
$ git log --oneline
9557abd (HEAD -> master, origin/master) Add a file index.html.
d2cb630 Add a HTML file index.html.
b91819e Add a new file NEW.md.
7d63d25 Add a file ASSIGNMENT.txt.

lenovo@SOUMYAJIT MINGW64 /d/Assignment Day 1 (master)
$ git diff d2cb630 7d63
error: short SHA1 7d63 is ambiguous
hint: The candidates are:
hint:   7d63d25 commit 2020-07-14 - Add a file ASSIGNMENT.txt.
hint:   7d63ced blob
fatal: ambiguous argument '7d63': unknown revision or path not in the working tree.
Use '--' to separate paths from revisions, like this:
'git <command> [<revision>...] -- [<file>...]'

lenovo@SOUMYAJIT MINGW64 /d/Assignment Day 1 (master)
$ git diff 7d63d25 b91819e
diff --git a/NEW.md b/NEW.md
new file mode 100644
index 0000000..7d63ced
--- /dev/null
+++ b/NEW.md
@@ -0,0 +1,4 @@
+## Please check if I am right or wrong
+This is my practice page
+
+The word **Practice** is in bold
\ No newline at end of file

lenovo@SOUMYAJIT MINGW64 /d/Assignment Day 1 (master)
$ git checkout -b branch1
Switched to a new branch 'branch1'

lenovo@SOUMYAJIT MINGW64 /d/Assignment Day 1 (branch1)
$ ls
ASSIGNMENT.txt  index.html  NEW.md

lenovo@SOUMYAJIT MINGW64 /d/Assignment Day 1 (branch1)
$ code ASSIGNMENT.txt

lenovo@SOUMYAJIT MINGW64 /d/Assignment Day 1 (branch1)
$ git checkout master
Switched to branch 'master'
M       ASSIGNMENT.txt
Your branch is up to date with 'origin/master'.

lenovo@SOUMYAJIT MINGW64 /d/Assignment Day 1 (master)
$ ls
ASSIGNMENT.txt  index.html  NEW.md

lenovo@SOUMYAJIT MINGW64 /d/Assignment Day 1 (master)
$ code ASSIGNMENT.txt

lenovo@SOUMYAJIT MINGW64 /d/Assignment Day 1 (master)
$ git -b branch2
unknown option: -b
usage: git [--version] [--help] [-C <path>] [-c <name>=<value>]
           [--exec-path[=<path>]] [--html-path] [--man-path] [--info-path]
           [-p | --paginate | -P | --no-pager] [--no-replace-objects] [--bare]
           [--git-dir=<path>] [--work-tree=<path>] [--namespace=<name>]
           <command> [<args>]

lenovo@SOUMYAJIT MINGW64 /d/Assignment Day 1 (master)
$ git branch branch2

lenovo@SOUMYAJIT MINGW64 /d/Assignment Day 1 (master)
$ git checkout branch2
Switched to branch 'branch2'
M       ASSIGNMENT.txt

lenovo@SOUMYAJIT MINGW64 /d/Assignment Day 1 (branch2)
$ code index.html

lenovo@SOUMYAJIT MINGW64 /d/Assignment Day 1 (branch2)
$ git status
On branch branch2
Changes not staged for commit:
  (use "git add <file>..." to update what will be committed)
  (use "git restore <file>..." to discard changes in working directory)
        modified:   ASSIGNMENT.txt
        modified:   index.html

no changes added to commit (use "git add" and/or "git commit -a")

lenovo@SOUMYAJIT MINGW64 /d/Assignment Day 1 (branch2)
$ git add .

lenovo@SOUMYAJIT MINGW64 /d/Assignment Day 1 (branch2)
$ git commit -m "Add a line in ASSIGNMENT.txt."
[branch2 c14ace5] Add a line in ASSIGNMENT.txt.
 2 files changed, 11 insertions(+), 1 deletion(-)

lenovo@SOUMYAJIT MINGW64 /d/Assignment Day 1 (branch2)
$ git status
On branch branch2
nothing to commit, working tree clean

lenovo@SOUMYAJIT MINGW64 /d/Assignment Day 1 (branch2)
$ git checkout master
Switched to branch 'master'
Your branch is up to date with 'origin/master'.

lenovo@SOUMYAJIT MINGW64 /d/Assignment Day 1 (master)
$ git merge branch2
Updating 9557abd..c14ace5
Fast-forward
 ASSIGNMENT.txt | 7 ++++++-
 index.html     | 5 +++++
 2 files changed, 11 insertions(+), 1 deletion(-)

lenovo@SOUMYAJIT MINGW64 /d/Assignment Day 1 (master)
$ git status
On branch master
Your branch is ahead of 'origin/master' by 1 commit.
  (use "git push" to publish your local commits)

nothing to commit, working tree clean

lenovo@SOUMYAJIT MINGW64 /d/Assignment Day 1 (master)
$ git branch
  branch1
  branch2
* master

lenovo@SOUMYAJIT MINGW64 /d/Assignment Day 1 (master)
$ git checkout branch1
Switched to branch 'branch1'

lenovo@SOUMYAJIT MINGW64 /d/Assignment Day 1 (branch1)
$ code WORD.txt

lenovo@SOUMYAJIT MINGW64 /d/Assignment Day 1 (branch1)
$ git status
On branch branch1
Untracked files:
  (use "git add <file>..." to include in what will be committed)
        WORD.txt

nothing added to commit but untracked files present (use "git add" to track)

lenovo@SOUMYAJIT MINGW64 /d/Assignment Day 1 (branch1)
$ git add WORD.txt

lenovo@SOUMYAJIT MINGW64 /d/Assignment Day 1 (branch1)
$ git commit -m "Add a new file WORD.txt."
[branch1 1d616ad] Add a new file WORD.txt.
 1 file changed, 2 insertions(+)
 create mode 100644 WORD.txt

lenovo@SOUMYAJIT MINGW64 /d/Assignment Day 1 (branch1)
$ ls
ASSIGNMENT.txt  index.html  NEW.md  WORD.txt

lenovo@SOUMYAJIT MINGW64 /d/Assignment Day 1 (branch1)
$ code index.html

lenovo@SOUMYAJIT MINGW64 /d/Assignment Day 1 (branch1)
$ ls
ASSIGNMENT.txt  index.html  NEW.md  WORD.txt

lenovo@SOUMYAJIT MINGW64 /d/Assignment Day 1 (branch1)
$ git status
On branch branch1
nothing to commit, working tree clean

lenovo@SOUMYAJIT MINGW64 /d/Assignment Day 1 (branch1)
$ git merge branch2
Merge made by the 'recursive' strategy.
 ASSIGNMENT.txt | 7 ++++++-
 index.html     | 5 +++++
 2 files changed, 11 insertions(+), 1 deletion(-)

lenovo@SOUMYAJIT MINGW64 /d/Assignment Day 1 (branch1)
$ ls
ASSIGNMENT.txt  index.html  NEW.md  WORD.txt

lenovo@SOUMYAJIT MINGW64 /d/Assignment Day 1 (branch1)
$ git log --oneline
7d7f516 (HEAD -> branch1) Merge branch 'branch2' into branch1
1d616ad Add a new file WORD.txt.
c14ace5 (master, branch2) Add a line in ASSIGNMENT.txt.
9557abd (origin/master) Add a file index.html.
d2cb630 Add a HTML file index.html.
b91819e Add a new file NEW.md.
7d63d25 Add a file ASSIGNMENT.txt.

lenovo@SOUMYAJIT MINGW64 /d/Assignment Day 1 (branch1)
$ git push -u origin master
Enumerating objects: 7, done.
Counting objects: 100% (7/7), done.
Delta compression using up to 4 threads
Compressing objects: 100% (4/4), done.
Writing objects: 100% (4/4), 530 bytes | 20.00 KiB/s, done.
Total 4 (delta 1), reused 0 (delta 0), pack-reused 0
remote: Resolving deltas: 100% (1/1), completed with 1 local object.
To https://github.com/soumyajit098/Assignment-Day1.git
   9557abd..c14ace5  master -> master
Branch 'master' set up to track remote branch 'master' from 'origin'.

lenovo@SOUMYAJIT MINGW64 /d/Assignment Day 1 (branch1)
$ git checkout master
Switched to branch 'master'
Your branch is up to date with 'origin/master'.

lenovo@SOUMYAJIT MINGW64 /d/Assignment Day 1 (master)
$ ls
ASSIGNMENT.txt  index.html  NEW.md

lenovo@SOUMYAJIT MINGW64 /d/Assignment Day 1 (master)
$ git merge branch1
Updating c14ace5..7d7f516
Fast-forward
 WORD.txt | 2 ++
 1 file changed, 2 insertions(+)
 create mode 100644 WORD.txt

lenovo@SOUMYAJIT MINGW64 /d/Assignment Day 1 (master)
$ git log --oneline
7d7f516 (HEAD -> master, branch1) Merge branch 'branch2' into branch1
1d616ad Add a new file WORD.txt.
c14ace5 (origin/master, branch2) Add a line in ASSIGNMENT.txt.
9557abd Add a file index.html.
d2cb630 Add a HTML file index.html.
b91819e Add a new file NEW.md.
7d63d25 Add a file ASSIGNMENT.txt.

lenovo@SOUMYAJIT MINGW64 /d/Assignment Day 1 (master)
$ ls
ASSIGNMENT.txt  index.html  NEW.md  WORD.txt

lenovo@SOUMYAJIT MINGW64 /d/Assignment Day 1 (master)
$ git push -u origin master
Enumerating objects: 7, done.
Counting objects: 100% (7/7), done.
Delta compression using up to 4 threads
Compressing objects: 100% (5/5), done.
Writing objects: 100% (5/5), 616 bytes | 308.00 KiB/s, done.
Total 5 (delta 2), reused 0 (delta 0), pack-reused 0
remote: Resolving deltas: 100% (2/2), completed with 1 local object.
To https://github.com/soumyajit098/Assignment-Day1.git
   c14ace5..7d7f516  master -> master
Branch 'master' set up to track remote branch 'master' from 'origin'.

lenovo@SOUMYAJIT MINGW64 /d/Assignment Day 1 (master)
$ ls
ASSIGNMENT.txt  index.html  NEW.md  WORD.txt

lenovo@SOUMYAJIT MINGW64 /d/Assignment Day 1 (master)
$ git log --oneline
7d7f516 (HEAD -> master, origin/master, branch1) Merge branch 'branch2' into branch1
1d616ad Add a new file WORD.txt.
c14ace5 (branch2) Add a line in ASSIGNMENT.txt.
9557abd Add a file index.html.
d2cb630 Add a HTML file index.html.
b91819e Add a new file NEW.md.
7d63d25 Add a file ASSIGNMENT.txt.

lenovo@SOUMYAJIT MINGW64 /d/Assignment Day 1 (master)
$ git log --oneline --graph --decorate^C

lenovo@SOUMYAJIT MINGW64 /d/Assignment Day 1 (master)
$ git log --online --graph --decorate
fatal: unrecognized argument: --online

lenovo@SOUMYAJIT MINGW64 /d/Assignment Day 1 (master)
$ git log --oneline --graph --decorate
*   7d7f516 (HEAD -> master, origin/master, branch1) Merge branch 'branch2' into branch1
|\
| * c14ace5 (branch2) Add a line in ASSIGNMENT.txt.
* | 1d616ad Add a new file WORD.txt.
|/
* 9557abd Add a file index.html.
* d2cb630 Add a HTML file index.html.
* b91819e Add a new file NEW.md.
* 7d63d25 Add a file ASSIGNMENT.txt.

lenovo@SOUMYAJIT MINGW64 /d/Assignment Day 1 (master)
$ ^C

lenovo@SOUMYAJIT MINGW64 /d/Assignment Day 1 (master)
$
